// Jest Snapshot v1, https://goo.gl/fbAQLP

exports[`getHitokoto Saga after requests should call the hitokotoLoadingError action if the response errors 1`] = `
Object {
  "@@redux-saga/IO": true,
  "CALL": Object {
    "args": Array [],
    "context": null,
    "fn": [Function],
  },
}
`;

exports[`getHitokoto Saga after requests should dispatch the hitokotoLoaded action if it requests the data successfully 1`] = `
Object {
  "@@redux-saga/IO": true,
  "CALL": Object {
    "args": Array [],
    "context": null,
    "fn": [Function],
  },
}
`;
